******************************************************************************
              TMS320C55x Linker PC v4.3.6                      
******************************************************************************
>> Linked Mon Nov 13 15:18:28 2017

OUTPUT FILE NAME:   <LED_control.out>
ENTRY POINT SYMBOL: "_c_int00"  address: 00025a80


MEMORY CONFIGURATION

         name            origin    length      used     unused   attr    fill
                        (bytes)   (bytes)    (bytes)   (bytes)
----------------------  --------  ---------  --------  --------  ----  --------
PAGE 0:
  MMR                   00000000   000000c0  00000000  000000c0  RWIX
  DARAM0                000000c0   0000ff40  000070ec  00008e54  RWIX
  SARAM0                00010000   00010000  00000000  00010000  RWIX
  SARAM1                00020000   00020000  00005ba4  0001a45c  RWIX
  SARAM2                00040000   0000fe00  00000d70  0000f090  RWIX
  VECS                  0004fe00   00000200  00000100  00000100  RWIX
  PDROM                 00ff8000   00008000  00000000  00008000  R IX

PAGE 2:
  IOPORT                00000000   00020000  00000000  00020000  RWI 


SECTION ALLOCATION MAP
(Addresses surrounded by []'s are displayed for convenience only!)

output                                                          attributes/
section   page  orgn(bytes) orgn(words) len(bytes) len(words)   input sections
--------  ----  ----------- ----------- ---------- ----------   --------------
.pinit       0   [ 00040000 ]  00020000          *   00000000   UNINITIALIZED

.stack       0   [ 000000c0 ]  00000060          *   00001000   UNINITIALIZED
                 [ 000000c0 ]  00000060          *   00001000   --HOLE--

.data        0   [ 000000c0 ]  00000060          *   00000000   UNINITIALIZED

.sysstack 
*            0   [ 000020c0 ]  00001060          *   00000800   UNINITIALIZED
                 [ 000020c0 ]  00001060          *   00000800   --HOLE--

.sysmem      0   [ 000030c0 ]  00001860          *   00001000   UNINITIALIZED
                 [ 000030c0 ]  00001860          *   00001000   --HOLE--

.bss         0   [ 000050c0 ]  00002860          *   00000e9d   UNINITIALIZED
                 [ 000050c0 ]  00002860          *   000009b4   main.obj (.bss)
                 [ 00006428 ]  00003214          *   0000017c   lcd_disp.obj (.bss)
                 [ 00006720 ]  00003390          *   00000119   rts55x.lib : defs.obj (.bss)
                 [ 00006952 ]  000034a9          *   00000100   LCD_FCN.obj (.bss)
                 [ 00006b52 ]  000035a9          *   000000d0   rts55x.lib : trgdrv.obj (.bss)
                 [ 00006cf2 ]  00003679          *   00000001              : fopen.obj (.bss)
                 [ 00006cf4 ]  0000367a          *   00000071              : lowlev.obj (.bss)
                 [ 00006dd6 ]  000036eb          *   00000001   usbstk5515bsl.lib : usbstk5515_i2c.obj (.bss)
                 [ 00006dd8 ]  000036ec          *   00000006   rts55x.lib : memory.obj (.bss)
                 [ 00006de4 ]  000036f2          *   00000004              : _lock.obj (.bss)
                 [ 00006dec ]  000036f6          *   00000004              : exit.obj (.bss)
                 [ 00006df4 ]  000036fa          *   00000003   sar.obj (.bss)

.const.1     0   [ 00006dfc ]  000036fe          *   00000101   
                 [ 00006dfc ]  000036fe          *   00000101   rts55x.lib : ctype.obj (.const:__ctypes_)

.const.2     0   [ 00007000 ]  00003800          *   000000d8   
                 [ 00007000 ]  00003800          *   0000009a   main.obj (.const:.string)
                 [ 00007134 ]  0000389a          *   00000024   rts55x.lib : _printfi.obj (.const:.string)
                 [ 0000717c ]  000038be          *   0000000c              : _printfi.obj (.const)
                 [ 00007194 ]  000038ca          *   00000008              : divd.obj (.const:_initial_approx$1)
                 [ 000071a4 ]  000038d2          *   00000002              : fputs.obj (.const:.string)
                 [ 000071a8 ]  000038d4          *   00000002              : divd.obj (.const)
                 [ 000071ac ]  000038d6          *   00000002              : fltlid.obj (.const)

.text        0     00020000  [ 00010000 ] 00005ba4          *   
                   00020000  [ 00010000 ] 00001598          *   rts55x.lib : _printfi.obj (.text)
                   00021598  [ 00010acc ] 00000720          *   main.obj (.text)
                   00021cb8  [ 00010e5c ] 0000061e          *   lcd_disp.obj (.text)
                   000222d6  [ 0001116b ] 00000543          *   rts55x.lib : lowlev.obj (.text)
                   00022819  [ 0001140c+] 00000528          *              : trgdrv.obj (.text)
                   00022d41  [ 000116a0+] 000004b5          *              : memory.obj (.text)
                   000231f6  [ 000118fb ] 000003ad          *   LCD_FCN.obj (.text)
                   000235a3  [ 00011ad1+] 0000036c          *   rts55x.lib : divd.obj (.text)
                   0002390f  [ 00011c87+] 0000027f          *              : fopen.obj (.text)
                   00023b8e  [ 00011dc7 ] 0000026a          *   AIC_func.obj (.text)
                   00023df8  [ 00011efc ] 0000025e          *   rts55x.lib : llmpy.obj (.text)
                   00024056  [ 0001202b ] 00000259          *              : addd.obj (.text)
                   000242af  [ 00012157+] 00000230          *   sar.obj (.text)
                   000244df  [ 0001226f+] 000001ea          *   rts55x.lib : cmpd.obj (.text)
                   000246c9  [ 00012364+] 000001c9          *   usbstk5515bsl.lib : usbstk5515_led.obj (.text)
                   00024892  [ 00012449 ] 00000163          *   rts55x.lib : fputs.obj (.text)
                   000249f5  [ 000124fa+] 00000156          *   usbstk5515bsl.lib : usbstk5515_gpio.obj (.text)
                   00024b4b  [ 000125a5+] 0000014c          *   rts55x.lib : mpyd.obj (.text)
                   00024c97  [ 0001264b+] 0000013e          *   usbstk5515bsl.lib : usbstk5515_i2c.obj (.text)
                   00024dd5  [ 000126ea+] 000000e6          *   rts55x.lib : setvbuf.obj (.text)
                   00024ebb  [ 0001275d+] 000000dd          *              : _io_perm.obj (.text)
                   00024f98  [ 000127cc ] 000000c8          *              : frcmpyd_div.obj (.text)
                   00025060  [ 00012830 ] 000000c2          *              : fflush.obj (.text)
                   00025122  [ 00012891 ] 000000ba          *              : trgmsg.obj (.text:CIO_breakpoint)
                   000251dc  [ 000128ee ] 000000a6          *              : fputc.obj (.text)
                   00025282  [ 00012941 ] 000000a1          *              : divul.obj (.text)
                   00025323  [ 00012991+] 00000080          *   led.obj (.text)
                   000253a3  [ 000129d1+] 0000007d          *   rts55x.lib : ltoa.obj (.text)
                   00025420  [ 00012a10 ] 0000007b          *              : fclose.obj (.text)
                   0002549b  [ 00012a4d+] 00000076          *              : frcmpyd.obj (.text)
                   00025511  [ 00012a88+] 00000072          *              : remul.obj (.text)
                   00025583  [ 00012ac1+] 0000006f          *              : fixdli.obj (.text)
                   000255f2  [ 00012af9 ] 0000006d          *              : trgmsg.obj (.text)
                   0002565f  [ 00012b2f+] 0000006b          *   55xdspx_LARGE.lib : fir.obj (.text)
                   000256ca  [ 00012b65 ] 0000006b          *   rts55x.lib : fseek.obj (.text)
                   00025735  [ 00012b9a+] 00000067          *              : fltlid.obj (.text)
                   0002579c  [ 00012bce ] 0000005c          *              : atoi.obj (.text)
                   000257f8  [ 00012bfc ] 00000054          *   usbstk5515.obj (.text)
                   0002584c  [ 00012c26 ] 00000050          *   rts55x.lib : printf.obj (.text)
                   0002589c  [ 00012c4e ] 0000004d          *              : autoinit.obj (.text)
                   000258e9  [ 00012c74+] 0000004b          *              : args_main.obj (.text)
                   00025934  [ 00012c9a ] 0000004b          *              : remli.obj (.text)
                   0002597f  [ 00012cbf+] 00000048          *              : divli.obj (.text)
                   000259c7  [ 00012ce3+] 0000003f          *              : memcpy.obj (.text)
                   00025a06  [ 00012d03 ] 0000003e          *              : exit.obj (.text)
                   00025a44  [ 00012d22 ] 0000003c          *              : idiv.obj (.text)
                   00025a80  [ 00012d40 ] 00000034          *              : boot.obj (.text)
                   00025ab4  [ 00012d5a ] 0000002a          *              : fixdi.obj (.text)
                   00025ade  [ 00012d6f ] 0000002a          *              : udiv.obj (.text)
                   00025b08  [ 00012d84 ] 00000023          *              : memccpy.obj (.text)
                   00025b2b  [ 00012d95+] 0000001c          *              : isinf.obj (.text)
                   00025b47  [ 00012da3+] 00000014          *              : subd.obj (.text)
                   00025b5b  [ 00012dad+] 00000013          *              : lmpy.obj (.text)
                   00025b6e  [ 00012db7 ] 00000012          *              : _lock.obj (.text)
                   00025b80  [ 00012dc0 ] 00000010          *              : negd.obj (.text)
                   00025b90  [ 00012dc8 ] 0000000a          *              : remove.obj (.text)
                   00025b9a  [ 00012dcd ] 00000007          *              : exit.obj (.text:CIO_breakpoint)
                   00025ba1  [ 00012dd0+] 00000002          *              : vectors.obj (.text)
                   00025ba3  [ 00012dd1 ] 00000001          *   --HOLE-- [fill = 20]

.cinit       0   [ 00040000 ]  00020000          *   00000562   
                 [ 00040000 ]  00020000          *   0000035f   main.obj (.cinit)
                 [ 000406be ]  0002035f          *   0000017f   lcd_disp.obj (.cinit)
                 [ 000409bc ]  000204de          *   0000002d   rts55x.lib : lowlev.obj (.cinit)
                 [ 00040a16 ]  0002050b          *   0000002a              : defs.obj (.cinit)
                 [ 00040a6a ]  00020535          *   0000000c   sar.obj (.cinit)
                 [ 00040a82 ]  00020541          *   0000000a   rts55x.lib : _lock.obj (.cinit)
                 [ 00040a96 ]  0002054b          *   0000000a              : exit.obj (.cinit)
                 [ 00040aaa ]  00020555          *   00000004              : fopen.obj (.cinit)
                 [ 00040ab2 ]  00020559          *   00000004              : memory.obj (.cinit)
                 [ 00040aba ]  0002055d          *   00000004   usbstk5515bsl.lib : usbstk5515_i2c.obj (.cinit)
                 [ 00040ac2 ]  00020561          *   00000001   --HOLE-- [fill = 0]

.cio         0   [ 00040ac8 ]  00020564          *   00000120   UNINITIALIZED
                 [ 00040ac8 ]  00020564          *   00000120   rts55x.lib : trgmsg.obj (.cio)

.switch      0   [ 00040d08 ]  00020684          *   00000036   
                 [ 00040d08 ]  00020684          *   00000036   lcd_disp.obj (.switch)

vectors      0     0004fe00  [ 00027f00 ] 00000100          *   
                   0004fe00  [ 00027f00 ] 00000100          *   rts55x.lib : vectors.obj (vectors)


GLOBAL SYMBOLS: SORTED ALPHABETICALLY BY Name 

abs. value/
byte addr   word addr   name
---------   ---------   ----
00000002                $TI_capability$C5500$CallingConvention
00000002                $TI_capability$C5500$MemoryModel
00000001                $TI_capability_requires_rev3
ffffffff                .bss
ffffffff                .data
ffffffff                .text
00025b9b                C$$EXIT
000251d7                C$$IO$$
00025a44                I$$DIV
00025b5b                I$$LMPY
00025a63                I$$MOD
00025ade                I$$UDIV
00025af3                I$$UMOD
00023b8e                _AIC3204_rset
00023d97                _AIC_aync_read2
00023bb0                _AIC_init
00023df1                _AIC_off
00023d64                _AIC_read2
00023dcc                _AIC_write2
            0000287c    _BAND1_COEF
            00002a7d    _BAND2_COEF
            00002c7e    _BAND3_COEF
            00003529    _BOTTOM
            0000320c    _DBO_index
            0000318a    _Data_In_Buff
            000031ca    _Data_Out_Buff
            0000320e    _Data_Out_ptr
00024441                _Get_Key_Human
00024338                _Get_Sar_Key
00022ce3                _HOSTclock
00022c78                _HOSTclose
00022bc3                _HOSTlseek
00022b24                _HOSTopen
00022a97                _HOSTread
000229e9                _HOSTrename
0002298b                _HOSTtime
00022921                _HOSTunlink
00022894                _HOSTwrite
0002171c                _I2S_ISR
0002189e                _I2S_Setup
000242af                _Init_SAR
00021cb8                _LCD_Clear
00023360                _LCD_Display
00021d1c                _LCD_disp_init
00021e3e                _LCD_disp_update
00023262                _LCD_init
0002535f                _My_LED_init
00023216                _OSD9616_multiSend
000231f6                _OSD9616_send
            00003210    _Out_going
000242c7                _Read_GPAIN1
0004fe00                _Reset
            000034a9    _TOP
00021598                _Timer_Handler
            00003188    _Timer_count
000216b0                _Timer_setup
00024af3                _USBSTK5515_GPIO_getInput
000249f5                _USBSTK5515_GPIO_init
000249f9                _USBSTK5515_GPIO_setDirection
00024a76                _USBSTK5515_GPIO_setOutput
00024cb6                _USBSTK5515_I2C_close
00024c97                _USBSTK5515_I2C_init
00024d5c                _USBSTK5515_I2C_read
00024cbf                _USBSTK5515_I2C_reset
00024ccd                _USBSTK5515_I2C_write
000246c9                _USBSTK5515_LED_init
000246e5                _USBSTK5515_LED_off
000246d4                _USBSTK5515_LED_on
00024725                _USBSTK5515_ULED_getall
000246f6                _USBSTK5515_ULED_init
0002481a                _USBSTK5515_ULED_off
000247e5                _USBSTK5515_ULED_on
00024777                _USBSTK5515_ULED_setall
0002484d                _USBSTK5515_ULED_toggle
0002583e                _USBSTK5515_init
000257f8                _USBSTK5515_wait
0002582c                _USBSTK5515_waitusec
            00020564    __CIOBUF_
            00001060    __STACK_END
00002000                __STACK_SIZE
00002000                __SYSMEM_SIZE
00001000                __SYSSTACK_SIZE
ffffffff                ___binit__
ffffffff                ___bss__
ffffffff                ___c_args__
            00020000    ___cinit__
ffffffff                ___data__
ffffffff                ___edata__
ffffffff                ___end__
ffffffff                ___etext__
00025b2b                ___isinf
ffffffff                ___pinit__
ffffffff                ___text__
00024056                __addd
000258e9                __args_main
00023a30                __cleanup
            000036f6    __cleanup_ptr
00024671                __cmpd
            000036fe    __ctypes_
000235c5                __divd
00025a44                __divi
0002597f                __divli
00024021                __divlli
00025ade                __divu
00025282                __divul
00023f2d                __divull
00025060                __doflush
            000036f8    __dtors_ptr
0002463d                __eqld
00025ab4                __fixdi
00025583                __fixdli
00025735                __fltlid
0002549b                __frcmpyd
00024f98                __frcmpyd_div
            000034a8    __ft_end
            00003390    __ftable
000245f3                __geqd
000245a8                __gtrd
0002455b                __leqd
            000036f2    __lock
00024513                __lssd
00024b4b                __mpyd
00025b5b                __mpyli
00023e75                __mpylli
00025b80                __negd
000244df                __neqd
00025b7e                __nop
00021356                __printfi
00024f3b                __rd_ok
00025b76                __register_lock
00025b6e                __register_unlock
00025a63                __remi
00025934                __remli
00023e46                __remlli
00025af3                __remu
00025511                __remul
00023df8                __remull
            00000060    __stack
00025b47                __subd
            00001860    __sys_memory
            00001060    __sysstack
            00003408    __tmpnams
            000036f4    __unlock
00024ebb                __wrt_ok
00025b9a                _abort
00022729                _add_device
0002579c                _atoi
0002589c                _auto_init
            0000297d    _band1_coef_changed
            0000297c    _band1_gain_selection
            00002b7e    _band2_coef_changed
            00002b7d    _band2_gain_selection
            00002d7f    _band3_coef_changed
            00002d7e    _band3_gain_selection
            00002e7f    _band_coef_mixed
            00002860    _band_gain_db
            00002872    _band_gain_hex
00021c6c                _band_mix
            0000287b    _band_selection
            00003187    _btn_value
00025a80                _c_int00
00021b74                _calculate_new_coef
000231d0                _calloc
000219ae                _check_btn_push
000231c8                _chkheap
000226b6                _close
            00002f7f    _dbuffer_left
            00003081    _dbuffer_right
00025a06                _exit
00025420                _fclose
000250c9                _fflush
00021917                _filter_init
000226ad                _find_registered_device
0002565f                _fir
00023b53                _fopen
000251dc                _fputc
00024892                _fputs
00022d41                _free
00023172                _free_memory
00023a8a                _freopen
000256ca                _fseek
00022819                _getenv
            000036eb    _i2c_timeout
            000036fb    _keyCnt1
            000036fc    _keyCnt2
00022647                _lseek
000253a3                _ltoa
000218c7                _main
00022e72                _malloc
            0000320a    _mask
00023118                _max_free
00025b08                _memccpy
000259c7                _memcpy
00022e0d                _minit
00022588                _open
            000036fa    _preKey
0002352b                _printLetter
0002584c                _printf
000251dc                _putc
00025273                _putchar
000249c7                _puts
            00003186    _r_left
            00003185    _r_right
000224da                _read
000255f2                _readmsg
00022f67                _realloc
00025b90                _remove
000224a4                _remove_device
0002244b                _rename
            00003212    _reset_loc
0002356d                _set_plane
00024dd5                _setvbuf
            0000320b    _time_set
            00003214    _tiny_font
00025323                _toggle_LED
00022418                _unlink
000222d6                _write
00025122                _writemsg
            00003184    _x_left
            00003183    _x_right
ffffffff                binit
            00020000    cinit
ffffffff                edata
ffffffff                end
ffffffff                etext
ffffffff                pinit


GLOBAL SYMBOLS: SORTED BY Symbol Address 

abs. value/
byte addr   word addr   name
---------   ---------   ----
00000001                $TI_capability_requires_rev3
00000002                $TI_capability$C5500$CallingConvention
00000002                $TI_capability$C5500$MemoryModel
            00000060    __stack
00001000                __SYSSTACK_SIZE
00002000                __STACK_SIZE
00002000                __SYSMEM_SIZE
            00001060    __STACK_END
            00001060    __sysstack
            00001860    __sys_memory
            00002860    _band_gain_db
            00002872    _band_gain_hex
            0000287b    _band_selection
            0000287c    _BAND1_COEF
            0000297c    _band1_gain_selection
            0000297d    _band1_coef_changed
            00002a7d    _BAND2_COEF
            00002b7d    _band2_gain_selection
            00002b7e    _band2_coef_changed
            00002c7e    _BAND3_COEF
            00002d7e    _band3_gain_selection
            00002d7f    _band3_coef_changed
            00002e7f    _band_coef_mixed
            00002f7f    _dbuffer_left
            00003081    _dbuffer_right
            00003183    _x_right
            00003184    _x_left
            00003185    _r_right
            00003186    _r_left
            00003187    _btn_value
            00003188    _Timer_count
            0000318a    _Data_In_Buff
            000031ca    _Data_Out_Buff
            0000320a    _mask
            0000320b    _time_set
            0000320c    _DBO_index
            0000320e    _Data_Out_ptr
            00003210    _Out_going
            00003212    _reset_loc
            00003214    _tiny_font
            00003390    __ftable
            00003408    __tmpnams
            000034a8    __ft_end
            000034a9    _TOP
            00003529    _BOTTOM
            000036eb    _i2c_timeout
            000036f2    __lock
            000036f4    __unlock
            000036f6    __cleanup_ptr
            000036f8    __dtors_ptr
            000036fa    _preKey
            000036fb    _keyCnt1
            000036fc    _keyCnt2
            000036fe    __ctypes_
00021356                __printfi
00021598                _Timer_Handler
000216b0                _Timer_setup
0002171c                _I2S_ISR
0002189e                _I2S_Setup
000218c7                _main
00021917                _filter_init
000219ae                _check_btn_push
00021b74                _calculate_new_coef
00021c6c                _band_mix
00021cb8                _LCD_Clear
00021d1c                _LCD_disp_init
00021e3e                _LCD_disp_update
000222d6                _write
00022418                _unlink
0002244b                _rename
000224a4                _remove_device
000224da                _read
00022588                _open
00022647                _lseek
000226ad                _find_registered_device
000226b6                _close
00022729                _add_device
00022819                _getenv
00022894                _HOSTwrite
00022921                _HOSTunlink
0002298b                _HOSTtime
000229e9                _HOSTrename
00022a97                _HOSTread
00022b24                _HOSTopen
00022bc3                _HOSTlseek
00022c78                _HOSTclose
00022ce3                _HOSTclock
00022d41                _free
00022e0d                _minit
00022e72                _malloc
00022f67                _realloc
00023118                _max_free
00023172                _free_memory
000231c8                _chkheap
000231d0                _calloc
000231f6                _OSD9616_send
00023216                _OSD9616_multiSend
00023262                _LCD_init
00023360                _LCD_Display
0002352b                _printLetter
0002356d                _set_plane
000235c5                __divd
00023a30                __cleanup
00023a8a                _freopen
00023b53                _fopen
00023b8e                _AIC3204_rset
00023bb0                _AIC_init
00023d64                _AIC_read2
00023d97                _AIC_aync_read2
00023dcc                _AIC_write2
00023df1                _AIC_off
00023df8                __remull
00023e46                __remlli
00023e75                __mpylli
00023f2d                __divull
00024021                __divlli
00024056                __addd
000242af                _Init_SAR
000242c7                _Read_GPAIN1
00024338                _Get_Sar_Key
00024441                _Get_Key_Human
000244df                __neqd
00024513                __lssd
0002455b                __leqd
000245a8                __gtrd
000245f3                __geqd
0002463d                __eqld
00024671                __cmpd
000246c9                _USBSTK5515_LED_init
000246d4                _USBSTK5515_LED_on
000246e5                _USBSTK5515_LED_off
000246f6                _USBSTK5515_ULED_init
00024725                _USBSTK5515_ULED_getall
00024777                _USBSTK5515_ULED_setall
000247e5                _USBSTK5515_ULED_on
0002481a                _USBSTK5515_ULED_off
0002484d                _USBSTK5515_ULED_toggle
00024892                _fputs
000249c7                _puts
000249f5                _USBSTK5515_GPIO_init
000249f9                _USBSTK5515_GPIO_setDirection
00024a76                _USBSTK5515_GPIO_setOutput
00024af3                _USBSTK5515_GPIO_getInput
00024b4b                __mpyd
00024c97                _USBSTK5515_I2C_init
00024cb6                _USBSTK5515_I2C_close
00024cbf                _USBSTK5515_I2C_reset
00024ccd                _USBSTK5515_I2C_write
00024d5c                _USBSTK5515_I2C_read
00024dd5                _setvbuf
00024ebb                __wrt_ok
00024f3b                __rd_ok
00024f98                __frcmpyd_div
00025060                __doflush
000250c9                _fflush
00025122                _writemsg
000251d7                C$$IO$$
000251dc                _fputc
000251dc                _putc
00025273                _putchar
00025282                __divul
00025323                _toggle_LED
0002535f                _My_LED_init
000253a3                _ltoa
00025420                _fclose
0002549b                __frcmpyd
00025511                __remul
00025583                __fixdli
000255f2                _readmsg
0002565f                _fir
000256ca                _fseek
00025735                __fltlid
0002579c                _atoi
000257f8                _USBSTK5515_wait
0002582c                _USBSTK5515_waitusec
0002583e                _USBSTK5515_init
0002584c                _printf
0002589c                _auto_init
000258e9                __args_main
00025934                __remli
0002597f                __divli
000259c7                _memcpy
00025a06                _exit
00025a44                I$$DIV
00025a44                __divi
00025a63                I$$MOD
00025a63                __remi
00025a80                _c_int00
00025ab4                __fixdi
00025ade                I$$UDIV
00025ade                __divu
00025af3                I$$UMOD
00025af3                __remu
00025b08                _memccpy
00025b2b                ___isinf
00025b47                __subd
00025b5b                I$$LMPY
00025b5b                __mpyli
00025b6e                __register_unlock
00025b76                __register_lock
00025b7e                __nop
00025b80                __negd
00025b90                _remove
00025b9a                _abort
00025b9b                C$$EXIT
            00020000    ___cinit__
            00020000    cinit
            00020564    __CIOBUF_
0004fe00                _Reset
ffffffff                .bss
ffffffff                .data
ffffffff                .text
ffffffff                ___binit__
ffffffff                ___bss__
ffffffff                ___c_args__
ffffffff                ___data__
ffffffff                ___edata__
ffffffff                ___end__
ffffffff                ___etext__
ffffffff                ___pinit__
ffffffff                ___text__
ffffffff                binit
ffffffff                edata
ffffffff                end
ffffffff                etext
ffffffff                pinit

[226 symbols]
