******************************************************************************
              TMS320C55x Linker PC v4.3.6                      
******************************************************************************
>> Linked Tue Nov 14 10:45:50 2017

OUTPUT FILE NAME:   <LED_control.out>
ENTRY POINT SYMBOL: "_c_int00"  address: 000255cd


MEMORY CONFIGURATION

         name            origin    length      used     unused   attr    fill
                        (bytes)   (bytes)    (bytes)   (bytes)
----------------------  --------  ---------  --------  --------  ----  --------
PAGE 0:
  MMR                   00000000   000000c0  00000000  000000c0  RWIX
  DARAM0                000000c0   0000ff40  00007218  00008d28  RWIX
  SARAM0                00010000   00010000  00000000  00010000  RWIX
  SARAM1                00020000   00020000  00005702  0001a8fe  RWIX
  SARAM2                00040000   0000fe00  00000d2e  0000f0d2  RWIX
  VECS                  0004fe00   00000200  00000100  00000100  RWIX
  PDROM                 00ff8000   00008000  00000000  00008000  R IX

PAGE 2:
  IOPORT                00000000   00020000  00000000  00020000  RWI 


SECTION ALLOCATION MAP
(Addresses surrounded by []'s are displayed for convenience only!)

output                                                          attributes/
section   page  orgn(bytes) orgn(words) len(bytes) len(words)   input sections
--------  ----  ----------- ----------- ---------- ----------   --------------
.pinit       0   [ 00040000 ]  00020000          *   00000000   UNINITIALIZED

.stack       0   [ 000000c0 ]  00000060          *   00001000   UNINITIALIZED
                 [ 000000c0 ]  00000060          *   00001000   --HOLE--

.data        0   [ 000000c0 ]  00000060          *   00000000   UNINITIALIZED

.sysstack 
*            0   [ 000020c0 ]  00001060          *   00000800   UNINITIALIZED
                 [ 000020c0 ]  00001060          *   00000800   --HOLE--

.sysmem      0   [ 000030c0 ]  00001860          *   00001000   UNINITIALIZED
                 [ 000030c0 ]  00001860          *   00001000   --HOLE--

.bss         0   [ 000050c0 ]  00002860          *   00000eaf   UNINITIALIZED
                 [ 000050c0 ]  00002860          *   000009b4   main.obj (.bss)
                 [ 00006428 ]  00003214          *   0000027c   LCD_FCN.obj (.bss)
                 [ 00006920 ]  00003490          *   00000119   rts55x.lib : defs.obj (.bss)
                 [ 00006b52 ]  000035a9          *   000000d0              : trgdrv.obj (.bss)
                 [ 00006cf2 ]  00003679          *   00000001              : fopen.obj (.bss)
                 [ 00006cf4 ]  0000367a          *   00000071              : lowlev.obj (.bss)
                 [ 00006dd6 ]  000036eb          *   00000001   usbstk5515bsl.lib : usbstk5515_i2c.obj (.bss)
                 [ 00006dd8 ]  000036ec          *   00000012   lcd_disp.obj (.bss)
                 [ 00006dfc ]  000036fe          *   00000006   rts55x.lib : memory.obj (.bss)
                 [ 00006e08 ]  00003704          *   00000004              : _lock.obj (.bss)
                 [ 00006e10 ]  00003708          *   00000004              : exit.obj (.bss)
                 [ 00006e18 ]  0000370c          *   00000003   sar.obj (.bss)

.const.1     0   [ 00006e20 ]  00003710          *   00000101   
                 [ 00006e20 ]  00003710          *   00000101   rts55x.lib : ctype.obj (.const:__ctypes_)

.const.2     0   [ 00007024 ]  00003812          *   0000015c   
                 [ 00007024 ]  00003812          *   0000009a   main.obj (.const:.string)
                 [ 00007158 ]  000038ac          *   00000084   lcd_disp.obj (.const:.string)
                 [ 00007260 ]  00003930          *   00000024   rts55x.lib : _printfi.obj (.const:.string)
                 [ 000072a8 ]  00003954          *   0000000c              : _printfi.obj (.const)
                 [ 000072c0 ]  00003960          *   00000008              : divd.obj (.const:_initial_approx$1)
                 [ 000072d0 ]  00003968          *   00000002              : fputs.obj (.const:.string)
                 [ 000072d4 ]  0000396a          *   00000002              : divd.obj (.const)
                 [ 000072d8 ]  0000396c          *   00000002              : fltlid.obj (.const)

.text        0     00020000  [ 00010000 ] 00005702          *   
                   00020000  [ 00010000 ] 00001598          *   rts55x.lib : _printfi.obj (.text)
                   00021598  [ 00010acc ] 00000720          *   main.obj (.text)
                   00021cb8  [ 00010e5c ] 00000543          *   rts55x.lib : lowlev.obj (.text)
                   000221fb  [ 000110fd+] 00000528          *              : trgdrv.obj (.text)
                   00022723  [ 00011391+] 000004b5          *              : memory.obj (.text)
                   00022bd8  [ 000115ec ] 0000040a          *   LCD_FCN.obj (.text)
                   00022fe2  [ 000117f1 ] 0000036c          *   rts55x.lib : divd.obj (.text)
                   0002334e  [ 000119a7 ] 0000027f          *              : fopen.obj (.text)
                   000235cd  [ 00011ae6+] 0000026a          *   AIC_func.obj (.text)
                   00023837  [ 00011c1b+] 0000025e          *   rts55x.lib : llmpy.obj (.text)
                   00023a95  [ 00011d4a+] 00000259          *              : addd.obj (.text)
                   00023cee  [ 00011e77 ] 00000230          *   sar.obj (.text)
                   00023f1e  [ 00011f8f ] 000001ea          *   rts55x.lib : cmpd.obj (.text)
                   00024108  [ 00012084 ] 000001c9          *   usbstk5515bsl.lib : usbstk5515_led.obj (.text)
                   000242d1  [ 00012168+] 00000163          *   rts55x.lib : fputs.obj (.text)
                   00024434  [ 0001221a ] 00000156          *   usbstk5515bsl.lib : usbstk5515_gpio.obj (.text)
                   0002458a  [ 000122c5 ] 0000014c          *   rts55x.lib : mpyd.obj (.text)
                   000246d6  [ 0001236b ] 0000013e          *   usbstk5515bsl.lib : usbstk5515_i2c.obj (.text)
                   00024814  [ 0001240a ] 0000010e          *   lcd_disp.obj (.text)
                   00024922  [ 00012491 ] 000000e6          *   rts55x.lib : setvbuf.obj (.text)
                   00024a08  [ 00012504 ] 000000dd          *              : _io_perm.obj (.text)
                   00024ae5  [ 00012572+] 000000c8          *              : frcmpyd_div.obj (.text)
                   00024bad  [ 000125d6+] 000000c2          *              : fflush.obj (.text)
                   00024c6f  [ 00012637+] 000000ba          *              : trgmsg.obj (.text:CIO_breakpoint)
                   00024d29  [ 00012694+] 000000a6          *              : fputc.obj (.text)
                   00024dcf  [ 000126e7+] 000000a1          *              : divul.obj (.text)
                   00024e70  [ 00012738 ] 00000080          *   led.obj (.text)
                   00024ef0  [ 00012778 ] 0000007d          *   rts55x.lib : ltoa.obj (.text)
                   00024f6d  [ 000127b6+] 0000007b          *              : fclose.obj (.text)
                   00024fe8  [ 000127f4 ] 00000076          *              : frcmpyd.obj (.text)
                   0002505e  [ 0001282f ] 00000072          *              : remul.obj (.text)
                   000250d0  [ 00012868 ] 0000006f          *              : fixdli.obj (.text)
                   0002513f  [ 0001289f+] 0000006d          *              : trgmsg.obj (.text)
                   000251ac  [ 000128d6 ] 0000006b          *   55xdspx_LARGE.lib : fir.obj (.text)
                   00025217  [ 0001290b+] 0000006b          *   rts55x.lib : fseek.obj (.text)
                   00025282  [ 00012941 ] 00000067          *              : fltlid.obj (.text)
                   000252e9  [ 00012974+] 0000005c          *              : atoi.obj (.text)
                   00025345  [ 000129a2+] 00000054          *   usbstk5515.obj (.text)
                   00025399  [ 000129cc+] 00000050          *   rts55x.lib : printf.obj (.text)
                   000253e9  [ 000129f4+] 0000004d          *              : autoinit.obj (.text)
                   00025436  [ 00012a1b ] 0000004b          *              : args_main.obj (.text)
                   00025481  [ 00012a40+] 0000004b          *              : remli.obj (.text)
                   000254cc  [ 00012a66 ] 00000048          *              : divli.obj (.text)
                   00025514  [ 00012a8a ] 0000003f          *              : memcpy.obj (.text)
                   00025553  [ 00012aa9+] 0000003e          *              : exit.obj (.text)
                   00025591  [ 00012ac8+] 0000003c          *              : idiv.obj (.text)
                   000255cd  [ 00012ae6+] 00000034          *              : boot.obj (.text)
                   00025601  [ 00012b00+] 0000002a          *              : fixdi.obj (.text)
                   0002562b  [ 00012b15+] 0000002a          *              : udiv.obj (.text)
                   00025655  [ 00012b2a+] 00000023          *              : memccpy.obj (.text)
                   00025678  [ 00012b3c ] 0000001c          *              : isinf.obj (.text)
                   00025694  [ 00012b4a ] 00000014          *              : subd.obj (.text)
                   000256a8  [ 00012b54 ] 00000013          *              : lmpy.obj (.text)
                   000256bb  [ 00012b5d+] 00000012          *              : _lock.obj (.text)
                   000256cd  [ 00012b66+] 00000011          *              : strlen.obj (.text)
                   000256de  [ 00012b6f ] 00000010          *              : negd.obj (.text)
                   000256ee  [ 00012b77 ] 0000000a          *              : remove.obj (.text)
                   000256f8  [ 00012b7c ] 00000007          *              : exit.obj (.text:CIO_breakpoint)
                   000256ff  [ 00012b7f+] 00000002          *              : vectors.obj (.text)
                   00025701  [ 00012b80 ] 00000001          *   --HOLE-- [fill = 20]

.cinit       0   [ 00040000 ]  00020000          *   00000577   
                 [ 00040000 ]  00020000          *   0000035f   main.obj (.cinit)
                 [ 000406be ]  0002035f          *   0000017f   LCD_FCN.obj (.cinit)
                 [ 000409bc ]  000204de          *   0000002d   rts55x.lib : lowlev.obj (.cinit)
                 [ 00040a16 ]  0002050b          *   0000002a              : defs.obj (.cinit)
                 [ 00040a6a ]  00020535          *   00000015   lcd_disp.obj (.cinit)
                 [ 00040a94 ]  0002054a          *   0000000c   sar.obj (.cinit)
                 [ 00040aac ]  00020556          *   0000000a   rts55x.lib : _lock.obj (.cinit)
                 [ 00040ac0 ]  00020560          *   0000000a              : exit.obj (.cinit)
                 [ 00040ad4 ]  0002056a          *   00000004              : fopen.obj (.cinit)
                 [ 00040adc ]  0002056e          *   00000004              : memory.obj (.cinit)
                 [ 00040ae4 ]  00020572          *   00000004   usbstk5515bsl.lib : usbstk5515_i2c.obj (.cinit)
                 [ 00040aec ]  00020576          *   00000001   --HOLE-- [fill = 0]

.cio         0   [ 00040af0 ]  00020578          *   00000120   UNINITIALIZED
                 [ 00040af0 ]  00020578          *   00000120   rts55x.lib : trgmsg.obj (.cio)

vectors      0     0004fe00  [ 00027f00 ] 00000100          *   
                   0004fe00  [ 00027f00 ] 00000100          *   rts55x.lib : vectors.obj (vectors)


GLOBAL SYMBOLS: SORTED ALPHABETICALLY BY Name 

abs. value/
byte addr   word addr   name
---------   ---------   ----
00000002                $TI_capability$C5500$CallingConvention
00000002                $TI_capability$C5500$MemoryModel
00000001                $TI_capability_requires_rev3
ffffffff                .bss
ffffffff                .data
ffffffff                .text
000256f9                C$$EXIT
00024d24                C$$IO$$
00025591                I$$DIV
000256a8                I$$LMPY
000255b0                I$$MOD
0002562b                I$$UDIV
00025640                I$$UMOD
000235cd                _AIC3204_rset
000237d6                _AIC_aync_read2
000235ef                _AIC_init
00023830                _AIC_off
000237a3                _AIC_read2
0002380b                _AIC_write2
            0000287c    _BAND1_COEF
            00002a7d    _BAND2_COEF
            00002c7e    _BAND3_COEF
            00003410    _BOTTOM
            0000320c    _DBO_index
            0000318a    _Data_In_Buff
            000031ca    _Data_Out_Buff
            0000320e    _Data_Out_ptr
00023e80                _Get_Key_Human
00023d77                _Get_Sar_Key
000226c5                _HOSTclock
0002265a                _HOSTclose
000225a5                _HOSTlseek
00022506                _HOSTopen
00022479                _HOSTread
000223cb                _HOSTrename
0002236d                _HOSTtime
00022303                _HOSTunlink
00022276                _HOSTwrite
0002171c                _I2S_ISR
0002189e                _I2S_Setup
00023cee                _Init_SAR
00024814                _LCD_Clear
00022d42                _LCD_Display
00024878                _LCD_disp_init
0002488e                _LCD_disp_update
00022c44                _LCD_init
00024eac                _My_LED_init
00022bf8                _OSD9616_multiSend
00022bd8                _OSD9616_send
            00003210    _Out_going
00023d06                _Read_GPAIN1
0004fe00                _Reset
            00003390    _TOP
00021598                _Timer_Handler
            00003188    _Timer_count
000216b0                _Timer_setup
00024532                _USBSTK5515_GPIO_getInput
00024434                _USBSTK5515_GPIO_init
00024438                _USBSTK5515_GPIO_setDirection
000244b5                _USBSTK5515_GPIO_setOutput
000246f5                _USBSTK5515_I2C_close
000246d6                _USBSTK5515_I2C_init
0002479b                _USBSTK5515_I2C_read
000246fe                _USBSTK5515_I2C_reset
0002470c                _USBSTK5515_I2C_write
00024108                _USBSTK5515_LED_init
00024124                _USBSTK5515_LED_off
00024113                _USBSTK5515_LED_on
00024164                _USBSTK5515_ULED_getall
00024135                _USBSTK5515_ULED_init
00024259                _USBSTK5515_ULED_off
00024224                _USBSTK5515_ULED_on
000241b6                _USBSTK5515_ULED_setall
0002428c                _USBSTK5515_ULED_toggle
0002538b                _USBSTK5515_init
00025345                _USBSTK5515_wait
00025379                _USBSTK5515_waitusec
            00020578    __CIOBUF_
            00001060    __STACK_END
00002000                __STACK_SIZE
00002000                __SYSMEM_SIZE
00001000                __SYSSTACK_SIZE
ffffffff                ___binit__
ffffffff                ___bss__
ffffffff                ___c_args__
            00020000    ___cinit__
ffffffff                ___data__
ffffffff                ___edata__
ffffffff                ___end__
ffffffff                ___etext__
00025678                ___isinf
ffffffff                ___pinit__
ffffffff                ___text__
00023a95                __addd
00025436                __args_main
0002346f                __cleanup
            00003708    __cleanup_ptr
000240b0                __cmpd
            00003710    __ctypes_
00023004                __divd
00025591                __divi
000254cc                __divli
00023a60                __divlli
0002562b                __divu
00024dcf                __divul
0002396c                __divull
00024bad                __doflush
            0000370a    __dtors_ptr
0002407c                __eqld
00025601                __fixdi
000250d0                __fixdli
00025282                __fltlid
00024fe8                __frcmpyd
00024ae5                __frcmpyd_div
            000035a8    __ft_end
            00003490    __ftable
00024032                __geqd
00023fe7                __gtrd
00023f9a                __leqd
            00003704    __lock
00023f52                __lssd
0002458a                __mpyd
000256a8                __mpyli
000238b4                __mpylli
000256de                __negd
00023f1e                __neqd
000256cb                __nop
00021356                __printfi
00024a88                __rd_ok
000256c3                __register_lock
000256bb                __register_unlock
000255b0                __remi
00025481                __remli
00023885                __remlli
00025640                __remu
0002505e                __remul
00023837                __remull
            00000060    __stack
00025694                __subd
            00001860    __sys_memory
            00001060    __sysstack
            00003508    __tmpnams
            00003706    __unlock
00024a08                __wrt_ok
000256f8                _abort
0002210b                _add_device
000252e9                _atoi
000253e9                _auto_init
            0000297d    _band1_coef_changed
            0000297c    _band1_gain_selection
            00002b7e    _band2_coef_changed
            00002b7d    _band2_gain_selection
            00002d7f    _band3_coef_changed
            00002d7e    _band3_gain_selection
            00002e7f    _band_coef_mixed
            00002860    _band_gain_db
            000036ec    _band_gain_display
            00002872    _band_gain_hex
00021c6c                _band_mix
            0000287b    _band_selection
            00003187    _btn_value
000255cd                _c_int00
00021b74                _calculate_new_coef
00022bb2                _calloc
000219ae                _check_btn_push
00022baa                _chkheap
00022098                _close
            00002f7f    _dbuffer_left
            00003081    _dbuffer_right
00025553                _exit
00024f6d                _fclose
00024c16                _fflush
00021917                _filter_init
0002208f                _find_registered_device
000251ac                _fir
00023592                _fopen
00024d29                _fputc
000242d1                _fputs
00022723                _free
00022b54                _free_memory
000234c9                _freopen
00025217                _fseek
000221fb                _getenv
            000036eb    _i2c_timeout
            0000370d    _keyCnt1
            0000370e    _keyCnt2
00022029                _lseek
00024ef0                _ltoa
000218c7                _main
00022854                _malloc
            0000320a    _mask
00022afa                _max_free
00025655                _memccpy
00025514                _memcpy
000227ef                _minit
00021f6a                _open
            0000370c    _preKey
00022f0d                _printLetter
00022f4f                _printchar
00025399                _printf
00022f72                _printstring
00024d29                _putc
00024dc0                _putchar
00024406                _puts
            00003186    _r_left
            00003185    _r_right
00021ebc                _read
0002513f                _readmsg
00022949                _realloc
000256ee                _remove
00021e86                _remove_device
00021e2d                _rename
            00003212    _reset_loc
00022fac                _set_plane
00024922                _setvbuf
000256cd                _strlen
            0000320b    _time_set
            00003214    _tiny_font
00024e70                _toggle_LED
00021dfa                _unlink
00021cb8                _write
00024c6f                _writemsg
            00003184    _x_left
            00003183    _x_right
ffffffff                binit
            00020000    cinit
ffffffff                edata
ffffffff                end
ffffffff                etext
ffffffff                pinit


GLOBAL SYMBOLS: SORTED BY Symbol Address 

abs. value/
byte addr   word addr   name
---------   ---------   ----
00000001                $TI_capability_requires_rev3
00000002                $TI_capability$C5500$CallingConvention
00000002                $TI_capability$C5500$MemoryModel
            00000060    __stack
00001000                __SYSSTACK_SIZE
00002000                __STACK_SIZE
00002000                __SYSMEM_SIZE
            00001060    __STACK_END
            00001060    __sysstack
            00001860    __sys_memory
            00002860    _band_gain_db
            00002872    _band_gain_hex
            0000287b    _band_selection
            0000287c    _BAND1_COEF
            0000297c    _band1_gain_selection
            0000297d    _band1_coef_changed
            00002a7d    _BAND2_COEF
            00002b7d    _band2_gain_selection
            00002b7e    _band2_coef_changed
            00002c7e    _BAND3_COEF
            00002d7e    _band3_gain_selection
            00002d7f    _band3_coef_changed
            00002e7f    _band_coef_mixed
            00002f7f    _dbuffer_left
            00003081    _dbuffer_right
            00003183    _x_right
            00003184    _x_left
            00003185    _r_right
            00003186    _r_left
            00003187    _btn_value
            00003188    _Timer_count
            0000318a    _Data_In_Buff
            000031ca    _Data_Out_Buff
            0000320a    _mask
            0000320b    _time_set
            0000320c    _DBO_index
            0000320e    _Data_Out_ptr
            00003210    _Out_going
            00003212    _reset_loc
            00003214    _tiny_font
            00003390    _TOP
            00003410    _BOTTOM
            00003490    __ftable
            00003508    __tmpnams
            000035a8    __ft_end
            000036eb    _i2c_timeout
            000036ec    _band_gain_display
            00003704    __lock
            00003706    __unlock
            00003708    __cleanup_ptr
            0000370a    __dtors_ptr
            0000370c    _preKey
            0000370d    _keyCnt1
            0000370e    _keyCnt2
            00003710    __ctypes_
00021356                __printfi
00021598                _Timer_Handler
000216b0                _Timer_setup
0002171c                _I2S_ISR
0002189e                _I2S_Setup
000218c7                _main
00021917                _filter_init
000219ae                _check_btn_push
00021b74                _calculate_new_coef
00021c6c                _band_mix
00021cb8                _write
00021dfa                _unlink
00021e2d                _rename
00021e86                _remove_device
00021ebc                _read
00021f6a                _open
00022029                _lseek
0002208f                _find_registered_device
00022098                _close
0002210b                _add_device
000221fb                _getenv
00022276                _HOSTwrite
00022303                _HOSTunlink
0002236d                _HOSTtime
000223cb                _HOSTrename
00022479                _HOSTread
00022506                _HOSTopen
000225a5                _HOSTlseek
0002265a                _HOSTclose
000226c5                _HOSTclock
00022723                _free
000227ef                _minit
00022854                _malloc
00022949                _realloc
00022afa                _max_free
00022b54                _free_memory
00022baa                _chkheap
00022bb2                _calloc
00022bd8                _OSD9616_send
00022bf8                _OSD9616_multiSend
00022c44                _LCD_init
00022d42                _LCD_Display
00022f0d                _printLetter
00022f4f                _printchar
00022f72                _printstring
00022fac                _set_plane
00023004                __divd
0002346f                __cleanup
000234c9                _freopen
00023592                _fopen
000235cd                _AIC3204_rset
000235ef                _AIC_init
000237a3                _AIC_read2
000237d6                _AIC_aync_read2
0002380b                _AIC_write2
00023830                _AIC_off
00023837                __remull
00023885                __remlli
000238b4                __mpylli
0002396c                __divull
00023a60                __divlli
00023a95                __addd
00023cee                _Init_SAR
00023d06                _Read_GPAIN1
00023d77                _Get_Sar_Key
00023e80                _Get_Key_Human
00023f1e                __neqd
00023f52                __lssd
00023f9a                __leqd
00023fe7                __gtrd
00024032                __geqd
0002407c                __eqld
000240b0                __cmpd
00024108                _USBSTK5515_LED_init
00024113                _USBSTK5515_LED_on
00024124                _USBSTK5515_LED_off
00024135                _USBSTK5515_ULED_init
00024164                _USBSTK5515_ULED_getall
000241b6                _USBSTK5515_ULED_setall
00024224                _USBSTK5515_ULED_on
00024259                _USBSTK5515_ULED_off
0002428c                _USBSTK5515_ULED_toggle
000242d1                _fputs
00024406                _puts
00024434                _USBSTK5515_GPIO_init
00024438                _USBSTK5515_GPIO_setDirection
000244b5                _USBSTK5515_GPIO_setOutput
00024532                _USBSTK5515_GPIO_getInput
0002458a                __mpyd
000246d6                _USBSTK5515_I2C_init
000246f5                _USBSTK5515_I2C_close
000246fe                _USBSTK5515_I2C_reset
0002470c                _USBSTK5515_I2C_write
0002479b                _USBSTK5515_I2C_read
00024814                _LCD_Clear
00024878                _LCD_disp_init
0002488e                _LCD_disp_update
00024922                _setvbuf
00024a08                __wrt_ok
00024a88                __rd_ok
00024ae5                __frcmpyd_div
00024bad                __doflush
00024c16                _fflush
00024c6f                _writemsg
00024d24                C$$IO$$
00024d29                _fputc
00024d29                _putc
00024dc0                _putchar
00024dcf                __divul
00024e70                _toggle_LED
00024eac                _My_LED_init
00024ef0                _ltoa
00024f6d                _fclose
00024fe8                __frcmpyd
0002505e                __remul
000250d0                __fixdli
0002513f                _readmsg
000251ac                _fir
00025217                _fseek
00025282                __fltlid
000252e9                _atoi
00025345                _USBSTK5515_wait
00025379                _USBSTK5515_waitusec
0002538b                _USBSTK5515_init
00025399                _printf
000253e9                _auto_init
00025436                __args_main
00025481                __remli
000254cc                __divli
00025514                _memcpy
00025553                _exit
00025591                I$$DIV
00025591                __divi
000255b0                I$$MOD
000255b0                __remi
000255cd                _c_int00
00025601                __fixdi
0002562b                I$$UDIV
0002562b                __divu
00025640                I$$UMOD
00025640                __remu
00025655                _memccpy
00025678                ___isinf
00025694                __subd
000256a8                I$$LMPY
000256a8                __mpyli
000256bb                __register_unlock
000256c3                __register_lock
000256cb                __nop
000256cd                _strlen
000256de                __negd
000256ee                _remove
000256f8                _abort
000256f9                C$$EXIT
            00020000    ___cinit__
            00020000    cinit
            00020578    __CIOBUF_
0004fe00                _Reset
ffffffff                .bss
ffffffff                .data
ffffffff                .text
ffffffff                ___binit__
ffffffff                ___bss__
ffffffff                ___c_args__
ffffffff                ___data__
ffffffff                ___edata__
ffffffff                ___end__
ffffffff                ___etext__
ffffffff                ___pinit__
ffffffff                ___text__
ffffffff                binit
ffffffff                edata
ffffffff                end
ffffffff                etext
ffffffff                pinit

[230 symbols]
