******************************************************************************
              TMS320C55x Linker PC v4.3.6                      
******************************************************************************
>> Linked Thu Nov 09 14:15:05 2017

OUTPUT FILE NAME:   <test.out>
ENTRY POINT SYMBOL: "_c_int00"  address: 000255b4


MEMORY CONFIGURATION

         name            origin    length      used     unused   attr    fill
                        (bytes)   (bytes)    (bytes)   (bytes)
----------------------  --------  ---------  --------  --------  ----  --------
PAGE 0:
  MMR                   00000000   000000c0  00000000  000000c0  RWIX
  DARAM0                000000c0   0000ff40  00006fca  00008f76  RWIX
  SARAM0                00010000   00010000  00000000  00010000  RWIX
  SARAM1                00020000   00020000  000056d8  0001a928  RWIX
  SARAM2                00040000   0000fe00  00000d36  0000f0ca  RWIX
  VECS                  0004fe00   00000200  00000100  00000100  RWIX
  PDROM                 00ff8000   00008000  00000000  00008000  R IX

PAGE 2:
  IOPORT                00000000   00020000  00000000  00020000  RWI 


SECTION ALLOCATION MAP
(Addresses surrounded by []'s are displayed for convenience only!)

output                                                          attributes/
section   page  orgn(bytes) orgn(words) len(bytes) len(words)   input sections
--------  ----  ----------- ----------- ---------- ----------   --------------
.pinit       0   [ 00040000 ]  00020000          *   00000000   UNINITIALIZED

.stack       0   [ 000000c0 ]  00000060          *   00001000   UNINITIALIZED
                 [ 000000c0 ]  00000060          *   00001000   --HOLE--

.data        0   [ 000000c0 ]  00000060          *   00000000   UNINITIALIZED

.sysstack 
*            0   [ 000020c0 ]  00001060          *   00000800   UNINITIALIZED
                 [ 000020c0 ]  00001060          *   00000800   --HOLE--

.sysmem      0   [ 000030c0 ]  00001860          *   00001000   UNINITIALIZED
                 [ 000030c0 ]  00001860          *   00001000   --HOLE--

.bss.1       0   [ 000050c0 ]  00002860          *   00000dfb   UNINITIALIZED
                 [ 000050c0 ]  00002860          *   00000923   main.obj (.bss)
                 [ 00006306 ]  00003183          *   0000017c   lcd_disp.obj (.bss)
                 [ 000065fe ]  000032ff          *   00000001   rts55x.lib : fopen.obj (.bss)
                 [ 00006600 ]  00003300          *   00000119              : defs.obj (.bss)
                 [ 00006832 ]  00003419          *   00000100   LCD_FCN.obj (.bss)
                 [ 00006a32 ]  00003519          *   000000d0   rts55x.lib : trgdrv.obj (.bss)
                 [ 00006bd2 ]  000035e9          *   00000001   usbstk5515bsl.lib : usbstk5515_i2c.obj (.bss)
                 [ 00006bd4 ]  000035ea          *   00000071   rts55x.lib : lowlev.obj (.bss)

.bss.2       0   [ 00006cb8 ]  0000365c          *   00000011   UNINITIALIZED
                 [ 00006cb8 ]  0000365c          *   00000006   rts55x.lib : memory.obj (.bss)
                 [ 00006cc4 ]  00003662          *   00000004              : _lock.obj (.bss)
                 [ 00006ccc ]  00003666          *   00000004              : exit.obj (.bss)
                 [ 00006cd4 ]  0000366a          *   00000003   sar.obj (.bss)

.const.1     0   [ 00006cdc ]  0000366e          *   00000101   
                 [ 00006cdc ]  0000366e          *   00000101   rts55x.lib : ctype.obj (.const:__ctypes_)

.const.2     0   [ 00006ee0 ]  00003770          *   000000d8   
                 [ 00006ee0 ]  00003770          *   0000009a   main.obj (.const:.string)
                 [ 00007014 ]  0000380a          *   00000024   rts55x.lib : _printfi.obj (.const:.string)
                 [ 0000705c ]  0000382e          *   0000000c              : _printfi.obj (.const)
                 [ 00007074 ]  0000383a          *   00000008              : divd.obj (.const:_initial_approx$1)
                 [ 00007084 ]  00003842          *   00000002              : fputs.obj (.const:.string)
                 [ 00007088 ]  00003844          *   00000002              : divd.obj (.const)
                 [ 0000708c ]  00003846          *   00000002              : fltlid.obj (.const)

.text        0     00020000  [ 00010000 ] 000056d8          *   
                   00020000  [ 00010000 ] 00001598          *   rts55x.lib : _printfi.obj (.text)
                   00021598  [ 00010acc ] 0000061e          *   lcd_disp.obj (.text)
                   00021bb6  [ 00010ddb ] 00000543          *   rts55x.lib : lowlev.obj (.text)
                   000220f9  [ 0001107c+] 00000528          *              : trgdrv.obj (.text)
                   00022621  [ 00011310+] 000004b5          *              : memory.obj (.text)
                   00022ad6  [ 0001156b ] 00000452          *   main.obj (.text)
                   00022f28  [ 00011794 ] 000003ad          *   LCD_FCN.obj (.text)
                   000232d5  [ 0001196a+] 0000036c          *   rts55x.lib : divd.obj (.text)
                   00023641  [ 00011b20+] 0000027f          *              : fopen.obj (.text)
                   000238c0  [ 00011c60 ] 0000025e          *              : llmpy.obj (.text)
                   00023b1e  [ 00011d8f ] 00000259          *              : addd.obj (.text)
                   00023d77  [ 00011ebb+] 00000235          *   AIC_func.obj (.text)
                   00023fac  [ 00011fd6 ] 00000230          *   sar.obj (.text)
                   000241dc  [ 000120ee ] 000001ea          *   rts55x.lib : cmpd.obj (.text)
                   000243c6  [ 000121e3 ] 00000163          *              : fputs.obj (.text)
                   00024529  [ 00012294+] 00000156          *   usbstk5515bsl.lib : usbstk5515_gpio.obj (.text)
                   0002467f  [ 0001233f+] 0000014c          *   rts55x.lib : mpyd.obj (.text)
                   000247cb  [ 000123e5+] 0000013e          *   usbstk5515bsl.lib : usbstk5515_i2c.obj (.text)
                   00024909  [ 00012484+] 000000e6          *   rts55x.lib : setvbuf.obj (.text)
                   000249ef  [ 000124f7+] 000000dd          *              : _io_perm.obj (.text)
                   00024acc  [ 00012566 ] 000000c8          *              : frcmpyd_div.obj (.text)
                   00024b94  [ 000125ca ] 000000c2          *              : fflush.obj (.text)
                   00024c56  [ 0001262b ] 000000ba          *              : trgmsg.obj (.text:CIO_breakpoint)
                   00024d10  [ 00012688 ] 000000a6          *              : fputc.obj (.text)
                   00024db6  [ 000126db ] 000000a1          *              : divul.obj (.text)
                   00024e57  [ 0001272b+] 00000080          *   led.obj (.text)
                   00024ed7  [ 0001276b+] 0000007d          *   rts55x.lib : ltoa.obj (.text)
                   00024f54  [ 000127aa ] 0000007b          *              : fclose.obj (.text)
                   00024fcf  [ 000127e7+] 00000076          *              : frcmpyd.obj (.text)
                   00025045  [ 00012822+] 00000072          *              : remul.obj (.text)
                   000250b7  [ 0001285b+] 0000006f          *              : fixdli.obj (.text)
                   00025126  [ 00012893 ] 0000006d          *              : trgmsg.obj (.text)
                   00025193  [ 000128c9+] 0000006b          *   55xdspx_LARGE.lib : fir.obj (.text)
                   000251fe  [ 000128ff ] 0000006b          *   rts55x.lib : fseek.obj (.text)
                   00025269  [ 00012934+] 00000067          *              : fltlid.obj (.text)
                   000252d0  [ 00012968 ] 0000005c          *              : atoi.obj (.text)
                   0002532c  [ 00012996 ] 00000054          *   usbstk5515bsl.lib : usbstk5515.obj (.text)
                   00025380  [ 000129c0 ] 00000050          *   rts55x.lib : printf.obj (.text)
                   000253d0  [ 000129e8 ] 0000004d          *              : autoinit.obj (.text)
                   0002541d  [ 00012a0e+] 0000004b          *              : args_main.obj (.text)
                   00025468  [ 00012a34 ] 0000004b          *              : remli.obj (.text)
                   000254b3  [ 00012a59+] 00000048          *              : divli.obj (.text)
                   000254fb  [ 00012a7d+] 0000003f          *              : memcpy.obj (.text)
                   0002553a  [ 00012a9d ] 0000003e          *              : exit.obj (.text)
                   00025578  [ 00012abc ] 0000003c          *              : idiv.obj (.text)
                   000255b4  [ 00012ada ] 00000034          *              : boot.obj (.text)
                   000255e8  [ 00012af4 ] 0000002a          *              : fixdi.obj (.text)
                   00025612  [ 00012b09 ] 0000002a          *              : udiv.obj (.text)
                   0002563c  [ 00012b1e ] 00000023          *              : memccpy.obj (.text)
                   0002565f  [ 00012b2f+] 0000001c          *              : isinf.obj (.text)
                   0002567b  [ 00012b3d+] 00000014          *              : subd.obj (.text)
                   0002568f  [ 00012b47+] 00000013          *              : lmpy.obj (.text)
                   000256a2  [ 00012b51 ] 00000012          *              : _lock.obj (.text)
                   000256b4  [ 00012b5a ] 00000010          *              : negd.obj (.text)
                   000256c4  [ 00012b62 ] 0000000a          *              : remove.obj (.text)
                   000256ce  [ 00012b67 ] 00000007          *              : exit.obj (.text:CIO_breakpoint)
                   000256d5  [ 00012b6a+] 00000002          *              : vectors.obj (.text)
                   000256d7  [ 00012b6b ] 00000001          *   --HOLE-- [fill = 20]

.cinit       0   [ 00040000 ]  00020000          *   00000545   
                 [ 00040000 ]  00020000          *   00000342   main.obj (.cinit)
                 [ 00040684 ]  00020342          *   0000017f   lcd_disp.obj (.cinit)
                 [ 00040982 ]  000204c1          *   0000002d   rts55x.lib : lowlev.obj (.cinit)
                 [ 000409dc ]  000204ee          *   0000002a              : defs.obj (.cinit)
                 [ 00040a30 ]  00020518          *   0000000c   sar.obj (.cinit)
                 [ 00040a48 ]  00020524          *   0000000a   rts55x.lib : _lock.obj (.cinit)
                 [ 00040a5c ]  0002052e          *   0000000a              : exit.obj (.cinit)
                 [ 00040a70 ]  00020538          *   00000004              : fopen.obj (.cinit)
                 [ 00040a78 ]  0002053c          *   00000004              : memory.obj (.cinit)
                 [ 00040a80 ]  00020540          *   00000004   usbstk5515bsl.lib : usbstk5515_i2c.obj (.cinit)
                 [ 00040a88 ]  00020544          *   00000001   --HOLE-- [fill = 0]

.cio         0   [ 00040a90 ]  00020548          *   00000120   UNINITIALIZED
                 [ 00040a90 ]  00020548          *   00000120   rts55x.lib : trgmsg.obj (.cio)

.switch      0   [ 00040cd0 ]  00020668          *   00000036   
                 [ 00040cd0 ]  00020668          *   00000036   lcd_disp.obj (.switch)

vectors      0     0004fe00  [ 00027f00 ] 00000100          *   
                   0004fe00  [ 00027f00 ] 00000100          *   rts55x.lib : vectors.obj (vectors)


GLOBAL SYMBOLS: SORTED ALPHABETICALLY BY Name 

abs. value/
byte addr   word addr   name
---------   ---------   ----
00000002                $TI_capability$C5500$CallingConvention
00000002                $TI_capability$C5500$MemoryModel
00000001                $TI_capability_requires_rev3
ffffffff                .bss
ffffffff                .data
ffffffff                .text
000256cf                C$$EXIT
00024d0b                C$$IO$$
00025578                I$$DIV
0002568f                I$$LMPY
00025597                I$$MOD
00025612                I$$UDIV
00025627                I$$UMOD
00023d77                _AIC3204_rset
00023d99                _AIC_init
00023fa5                _AIC_off
00023f4d                _AIC_read2
00023f80                _AIC_write2
            0000287c    _BAND1_COEF
            00002a7d    _BAND2_COEF
            00002c7e    _BAND3_COEF
            00003499    _BOTTOM
0002413e                _Get_Key_Human
00024035                _Get_Sar_Key
000225c3                _HOSTclock
00022558                _HOSTclose
000224a3                _HOSTlseek
00022404                _HOSTopen
00022377                _HOSTread
000222c9                _HOSTrename
0002226b                _HOSTtime
00022201                _HOSTunlink
00022174                _HOSTwrite
00023fac                _Init_SAR
00021598                _LCD_Clear
00023092                _LCD_Display
000215fc                _LCD_disp_init
0002171e                _LCD_disp_update
00022f94                _LCD_init
00024e93                _My_LED_init
00022f48                _OSD9616_multiSend
00022f28                _OSD9616_send
00023fc4                _Read_GPAIN1
0004fe00                _Reset
            00003419    _TOP
00024627                _USBSTK5515_GPIO_getInput
00024529                _USBSTK5515_GPIO_init
0002452d                _USBSTK5515_GPIO_setDirection
000245aa                _USBSTK5515_GPIO_setOutput
000247ea                _USBSTK5515_I2C_close
000247cb                _USBSTK5515_I2C_init
00024890                _USBSTK5515_I2C_read
000247f3                _USBSTK5515_I2C_reset
00024801                _USBSTK5515_I2C_write
00025372                _USBSTK5515_init
0002532c                _USBSTK5515_wait
00025360                _USBSTK5515_waitusec
            00020548    __CIOBUF_
            00001060    __STACK_END
00002000                __STACK_SIZE
00002000                __SYSMEM_SIZE
00001000                __SYSSTACK_SIZE
ffffffff                ___binit__
ffffffff                ___bss__
ffffffff                ___c_args__
            00020000    ___cinit__
ffffffff                ___data__
ffffffff                ___edata__
ffffffff                ___end__
ffffffff                ___etext__
0002565f                ___isinf
ffffffff                ___pinit__
ffffffff                ___text__
00023b1e                __addd
0002541d                __args_main
00023762                __cleanup
            00003666    __cleanup_ptr
0002436e                __cmpd
            0000366e    __ctypes_
000232f7                __divd
00025578                __divi
000254b3                __divli
00023ae9                __divlli
00025612                __divu
00024db6                __divul
000239f5                __divull
00024b94                __doflush
            00003668    __dtors_ptr
0002433a                __eqld
000255e8                __fixdi
000250b7                __fixdli
00025269                __fltlid
00024fcf                __frcmpyd
00024acc                __frcmpyd_div
            00003418    __ft_end
            00003300    __ftable
000242f0                __geqd
000242a5                __gtrd
00024258                __leqd
            00003662    __lock
00024210                __lssd
0002467f                __mpyd
0002568f                __mpyli
0002393d                __mpylli
000256b4                __negd
000241dc                __neqd
000256b2                __nop
00021356                __printfi
00024a6f                __rd_ok
000256aa                __register_lock
000256a2                __register_unlock
00025597                __remi
00025468                __remli
0002390e                __remlli
00025627                __remu
00025045                __remul
000238c0                __remull
            00000060    __stack
0002567b                __subd
            00001860    __sys_memory
            00001060    __sysstack
            00003378    __tmpnams
            00003664    __unlock
000249ef                __wrt_ok
000256ce                _abort
00022009                _add_device
000252d0                _atoi
000253d0                _auto_init
            0000297d    _band1_coef_changed
            0000297c    _band1_gain_selection
            00002b7e    _band2_coef_changed
            00002b7d    _band2_gain_selection
            00002d7f    _band3_coef_changed
            00002d7e    _band3_gain_selection
            00002e7f    _band_coef_mixed
            00002860    _band_gain_db
            00002872    _band_gain_hex
00022edc                _band_mix
            0000287b    _band_selection
000255b4                _c_int00
00022de4                _calculate_new_coef
00022ab0                _calloc
00022c1e                _check_btn_push
00022aa8                _chkheap
00021f96                _close
            00002f7f    _dbuffer_left
            00003081    _dbuffer_right
0002553a                _exit
00024f54                _fclose
00024bfd                _fflush
00022b87                _filter_init
00021f8d                _find_registered_device
00025193                _fir
00023885                _fopen
00024d10                _fputc
000243c6                _fputs
00022621                _free
00022a52                _free_memory
000237bc                _freopen
000251fe                _fseek
000220f9                _getenv
            000035e9    _i2c_timeout
            0000366b    _keyCnt1
            0000366c    _keyCnt2
00021f27                _lseek
00024ed7                _ltoa
00022ad6                _main
00022752                _malloc
000229f8                _max_free
0002563c                _memccpy
000254fb                _memcpy
000226ed                _minit
00021e68                _open
            0000366a    _preKey
0002325d                _printLetter
00025380                _printf
00024d10                _putc
00024da7                _putchar
000244fb                _puts
00021dba                _read
00025126                _readmsg
00022847                _realloc
000256c4                _remove
00021d84                _remove_device
00021d2b                _rename
0002329f                _set_plane
00024909                _setvbuf
            00003183    _tiny_font
00024e57                _toggle_LED
00021cf8                _unlink
00021bb6                _write
00024c56                _writemsg
ffffffff                binit
            00020000    cinit
ffffffff                edata
ffffffff                end
ffffffff                etext
ffffffff                pinit


GLOBAL SYMBOLS: SORTED BY Symbol Address 

abs. value/
byte addr   word addr   name
---------   ---------   ----
00000001                $TI_capability_requires_rev3
00000002                $TI_capability$C5500$CallingConvention
00000002                $TI_capability$C5500$MemoryModel
            00000060    __stack
00001000                __SYSSTACK_SIZE
00002000                __STACK_SIZE
00002000                __SYSMEM_SIZE
            00001060    __STACK_END
            00001060    __sysstack
            00001860    __sys_memory
            00002860    _band_gain_db
            00002872    _band_gain_hex
            0000287b    _band_selection
            0000287c    _BAND1_COEF
            0000297c    _band1_gain_selection
            0000297d    _band1_coef_changed
            00002a7d    _BAND2_COEF
            00002b7d    _band2_gain_selection
            00002b7e    _band2_coef_changed
            00002c7e    _BAND3_COEF
            00002d7e    _band3_gain_selection
            00002d7f    _band3_coef_changed
            00002e7f    _band_coef_mixed
            00002f7f    _dbuffer_left
            00003081    _dbuffer_right
            00003183    _tiny_font
            00003300    __ftable
            00003378    __tmpnams
            00003418    __ft_end
            00003419    _TOP
            00003499    _BOTTOM
            000035e9    _i2c_timeout
            00003662    __lock
            00003664    __unlock
            00003666    __cleanup_ptr
            00003668    __dtors_ptr
            0000366a    _preKey
            0000366b    _keyCnt1
            0000366c    _keyCnt2
            0000366e    __ctypes_
00021356                __printfi
00021598                _LCD_Clear
000215fc                _LCD_disp_init
0002171e                _LCD_disp_update
00021bb6                _write
00021cf8                _unlink
00021d2b                _rename
00021d84                _remove_device
00021dba                _read
00021e68                _open
00021f27                _lseek
00021f8d                _find_registered_device
00021f96                _close
00022009                _add_device
000220f9                _getenv
00022174                _HOSTwrite
00022201                _HOSTunlink
0002226b                _HOSTtime
000222c9                _HOSTrename
00022377                _HOSTread
00022404                _HOSTopen
000224a3                _HOSTlseek
00022558                _HOSTclose
000225c3                _HOSTclock
00022621                _free
000226ed                _minit
00022752                _malloc
00022847                _realloc
000229f8                _max_free
00022a52                _free_memory
00022aa8                _chkheap
00022ab0                _calloc
00022ad6                _main
00022b87                _filter_init
00022c1e                _check_btn_push
00022de4                _calculate_new_coef
00022edc                _band_mix
00022f28                _OSD9616_send
00022f48                _OSD9616_multiSend
00022f94                _LCD_init
00023092                _LCD_Display
0002325d                _printLetter
0002329f                _set_plane
000232f7                __divd
00023762                __cleanup
000237bc                _freopen
00023885                _fopen
000238c0                __remull
0002390e                __remlli
0002393d                __mpylli
000239f5                __divull
00023ae9                __divlli
00023b1e                __addd
00023d77                _AIC3204_rset
00023d99                _AIC_init
00023f4d                _AIC_read2
00023f80                _AIC_write2
00023fa5                _AIC_off
00023fac                _Init_SAR
00023fc4                _Read_GPAIN1
00024035                _Get_Sar_Key
0002413e                _Get_Key_Human
000241dc                __neqd
00024210                __lssd
00024258                __leqd
000242a5                __gtrd
000242f0                __geqd
0002433a                __eqld
0002436e                __cmpd
000243c6                _fputs
000244fb                _puts
00024529                _USBSTK5515_GPIO_init
0002452d                _USBSTK5515_GPIO_setDirection
000245aa                _USBSTK5515_GPIO_setOutput
00024627                _USBSTK5515_GPIO_getInput
0002467f                __mpyd
000247cb                _USBSTK5515_I2C_init
000247ea                _USBSTK5515_I2C_close
000247f3                _USBSTK5515_I2C_reset
00024801                _USBSTK5515_I2C_write
00024890                _USBSTK5515_I2C_read
00024909                _setvbuf
000249ef                __wrt_ok
00024a6f                __rd_ok
00024acc                __frcmpyd_div
00024b94                __doflush
00024bfd                _fflush
00024c56                _writemsg
00024d0b                C$$IO$$
00024d10                _fputc
00024d10                _putc
00024da7                _putchar
00024db6                __divul
00024e57                _toggle_LED
00024e93                _My_LED_init
00024ed7                _ltoa
00024f54                _fclose
00024fcf                __frcmpyd
00025045                __remul
000250b7                __fixdli
00025126                _readmsg
00025193                _fir
000251fe                _fseek
00025269                __fltlid
000252d0                _atoi
0002532c                _USBSTK5515_wait
00025360                _USBSTK5515_waitusec
00025372                _USBSTK5515_init
00025380                _printf
000253d0                _auto_init
0002541d                __args_main
00025468                __remli
000254b3                __divli
000254fb                _memcpy
0002553a                _exit
00025578                I$$DIV
00025578                __divi
00025597                I$$MOD
00025597                __remi
000255b4                _c_int00
000255e8                __fixdi
00025612                I$$UDIV
00025612                __divu
00025627                I$$UMOD
00025627                __remu
0002563c                _memccpy
0002565f                ___isinf
0002567b                __subd
0002568f                I$$LMPY
0002568f                __mpyli
000256a2                __register_unlock
000256aa                __register_lock
000256b2                __nop
000256b4                __negd
000256c4                _remove
000256ce                _abort
000256cf                C$$EXIT
            00020000    ___cinit__
            00020000    cinit
            00020548    __CIOBUF_
0004fe00                _Reset
ffffffff                .bss
ffffffff                .data
ffffffff                .text
ffffffff                ___binit__
ffffffff                ___bss__
ffffffff                ___c_args__
ffffffff                ___data__
ffffffff                ___edata__
ffffffff                ___end__
ffffffff                ___etext__
ffffffff                ___pinit__
ffffffff                ___text__
ffffffff                binit
ffffffff                edata
ffffffff                end
ffffffff                etext
ffffffff                pinit

[198 symbols]
